-------------------------------------------------------------------------------->8
[2026-06-20T12:23:42.108589567Z][docker-desktop-user-distro] syncContextStores <HOME>/.docker/contexts <-> /mnt/c/Users/<USER>/.docker/contexts
[2026-06-20T12:23:42.112724009Z][docker-desktop-user-distro] syncContextStores <HOME>/.docker/contexts <-> /mnt/c/Users/<USER>/.docker/contexts os.Symlink <HOME>/.docker/contexts -> /mnt/c/Users/<USER>/.docker/contexts
-------------------------------------------------------------------------------->8
[2026-06-20T12:23:42.275200762Z][docker-desktop-user-distro] linkPathToWindows windowsPath = /mnt/c/Users/<USER>/.aws, linkPath = <HOME>/.aws
-------------------------------------------------------------------------------->8
[2026-06-20T12:23:42.440699629Z][docker-desktop-user-distro] linkPathToWindows windowsPath = /mnt/c/Users/<USER>/.azure, linkPath = <HOME>/.azure
-------------------------------------------------------------------------------->8
[2026-06-20T12:23:42.603876441Z][docker-desktop-user-distro] linkPathToWindows windowsPath = /mnt/c/Users/<USER>/.docker/features.json, linkPath = ~/.docker/features.json
-------------------------------------------------------------------------------->8
[2026-06-20T12:23:49.552815106Z][docker-desktop-user-distro] syncContextStores <HOME>/.docker/contexts <-> /mnt/c/Users/<USER>/.docker/contexts
[2026-06-20T12:23:49.555423594Z][docker-desktop-user-distro] syncContextStores <HOME>/.docker/contexts <-> /mnt/c/Users/<USER>/.docker/contexts: syncNoop
-------------------------------------------------------------------------------->8
[2026-06-20T12:23:49.787615385Z][docker-desktop-user-distro] linkPathToWindows windowsPath = /mnt/c/Users/<USER>/.aws, linkPath = <HOME>/.aws
[2026-06-20T12:23:49.789500875Z][docker-desktop-user-distro] no need to symlink <HOME>/.aws to /mnt/c/Users/<USER>/.aws: they are the same path already
-------------------------------------------------------------------------------->8
[2026-06-20T12:23:50.001763683Z][docker-desktop-user-distro] linkPathToWindows windowsPath = /mnt/c/Users/<USER>/.azure, linkPath = <HOME>/.azure
[2026-06-20T12:23:50.003891407Z][docker-desktop-user-distro] no need to symlink <HOME>/.azure to /mnt/c/Users/<USER>/.azure: they are the same path already
-------------------------------------------------------------------------------->8
[2026-06-20T12:23:50.232849958Z][docker-desktop-user-distro] linkPathToWindows windowsPath = /mnt/c/Users/<USER>/.docker/features.json, linkPath = ~/.docker/features.json
-------------------------------------------------------------------------------->8
[2026-06-20T13:08:55.476402066Z][docker-desktop-user-distro] syncContextStores <HOME>/.docker/contexts <-> /mnt/c/Users/<USER>/.docker/contexts
[2026-06-20T13:08:55.479792668Z][docker-desktop-user-distro] syncContextStores <HOME>/.docker/contexts <-> /mnt/c/Users/<USER>/.docker/contexts: syncNoop
-------------------------------------------------------------------------------->8
[2026-06-20T13:08:55.671320733Z][docker-desktop-user-distro] linkPathToWindows windowsPath = /mnt/c/Users/<USER>/.aws, linkPath = <HOME>/.aws
[2026-06-20T13:08:55.673158048Z][docker-desktop-user-distro] no need to symlink <HOME>/.aws to /mnt/c/Users/<USER>/.aws: they are the same path already
-------------------------------------------------------------------------------->8
[2026-06-20T13:08:55.895162342Z][docker-desktop-user-distro] linkPathToWindows windowsPath = /mnt/c/Users/<USER>/.azure, linkPath = <HOME>/.azure
[2026-06-20T13:08:55.899025315Z][docker-desktop-user-distro] no need to symlink <HOME>/.azure to /mnt/c/Users/<USER>/.azure: they are the same path already
-------------------------------------------------------------------------------->8
[2026-06-20T13:08:56.163061347Z][docker-desktop-user-distro] linkPathToWindows windowsPath = /mnt/c/Users/<USER>/.docker/features.json, linkPath = ~/.docker/features.json
-------------------------------------------------------------------------------->8
[2026-06-21T10:49:43.301549816Z][docker-desktop-user-distro] syncContextStores <HOME>/.docker/contexts <-> /mnt/c/Users/<USER>/.docker/contexts
[2026-06-21T10:49:43.305396986Z][docker-desktop-user-distro] syncContextStores <HOME>/.docker/contexts <-> /mnt/c/Users/<USER>/.docker/contexts: syncNoop
-------------------------------------------------------------------------------->8
[2026-06-21T10:49:43.468861578Z][docker-desktop-user-distro] linkPathToWindows windowsPath = /mnt/c/Users/<USER>/.aws, linkPath = <HOME>/.aws
[2026-06-21T10:49:43.471221219Z][docker-desktop-user-distro] no need to symlink <HOME>/.aws to /mnt/c/Users/<USER>/.aws: they are the same path already
-------------------------------------------------------------------------------->8
[2026-06-21T10:49:43.647705849Z][docker-desktop-user-distro] linkPathToWindows windowsPath = /mnt/c/Users/<USER>/.azure, linkPath = <HOME>/.azure
[2026-06-21T10:49:43.649614210Z][docker-desktop-user-distro] no need to symlink <HOME>/.azure to /mnt/c/Users/<USER>/.azure: they are the same path already
-------------------------------------------------------------------------------->8
[2026-06-21T10:49:43.823205863Z][docker-desktop-user-distro] linkPathToWindows windowsPath = /mnt/c/Users/<USER>/.docker/features.json, linkPath = ~/.docker/features.json
-------------------------------------------------------------------------------->8
[2026-06-24T13:04:33.306966138Z][docker-desktop-user-distro] syncContextStores <HOME>/.docker/contexts <-> /mnt/c/Users/<USER>/.docker/contexts
[2026-06-24T13:04:33.310588489Z][docker-desktop-user-distro] syncContextStores <HOME>/.docker/contexts <-> /mnt/c/Users/<USER>/.docker/contexts: syncNoop
-------------------------------------------------------------------------------->8
[2026-06-24T13:04:33.483294807Z][docker-desktop-user-distro] linkPathToWindows windowsPath = /mnt/c/Users/<USER>/.aws, linkPath = <HOME>/.aws
[2026-06-24T13:04:33.485852855Z][docker-desktop-user-distro] no need to symlink <HOME>/.aws to /mnt/c/Users/<USER>/.aws: they are the same path already
-------------------------------------------------------------------------------->8
[2026-06-24T13:04:33.672500823Z][docker-desktop-user-distro] linkPathToWindows windowsPath = /mnt/c/Users/<USER>/.azure, linkPath = <HOME>/.azure
[2026-06-24T13:04:33.674419021Z][docker-desktop-user-distro] no need to symlink <HOME>/.azure to /mnt/c/Users/<USER>/.azure: they are the same path already
-------------------------------------------------------------------------------->8
[2026-06-24T13:04:33.863640020Z][docker-desktop-user-distro] linkPathToWindows windowsPath = /mnt/c/Users/<USER>/.docker/features.json, linkPath = ~/.docker/features.json
-------------------------------------------------------------------------------->8
[2026-06-25T07:47:51.184931104Z][docker-desktop-user-distro] syncContextStores <HOME>/.docker/contexts <-> /mnt/c/Users/<USER>/.docker/contexts
[2026-06-25T07:47:51.192246331Z][docker-desktop-user-distro] syncContextStores <HOME>/.docker/contexts <-> /mnt/c/Users/<USER>/.docker/contexts: syncNoop
-------------------------------------------------------------------------------->8
[2026-06-25T07:47:51.412350170Z][docker-desktop-user-distro] linkPathToWindows windowsPath = /mnt/c/Users/<USER>/.aws, linkPath = <HOME>/.aws
[2026-06-25T07:47:51.416239585Z][docker-desktop-user-distro] no need to symlink <HOME>/.aws to /mnt/c/Users/<USER>/.aws: they are the same path already
-------------------------------------------------------------------------------->8
[2026-06-25T07:47:51.626733145Z][docker-desktop-user-distro] linkPathToWindows windowsPath = /mnt/c/Users/<USER>/.azure, linkPath = <HOME>/.azure
[2026-06-25T07:47:51.628701489Z][docker-desktop-user-distro] no need to symlink <HOME>/.azure to /mnt/c/Users/<USER>/.azure: they are the same path already
-------------------------------------------------------------------------------->8
[2026-06-25T07:47:51.836927927Z][docker-desktop-user-distro] linkPathToWindows windowsPath = /mnt/c/Users/<USER>/.docker/features.json, linkPath = ~/.docker/features.json
-------------------------------------------------------------------------------->8
[2026-06-29T09:03:52.787457050Z][docker-desktop-user-distro] syncContextStores <HOME>/.docker/contexts <-> /mnt/c/Users/<USER>/.docker/contexts
[2026-06-29T09:03:52.793710109Z][docker-desktop-user-distro] syncContextStores <HOME>/.docker/contexts <-> /mnt/c/Users/<USER>/.docker/contexts: syncNoop
-------------------------------------------------------------------------------->8
[2026-06-29T09:03:52.987272691Z][docker-desktop-user-distro] linkPathToWindows windowsPath = /mnt/c/Users/<USER>/.aws, linkPath = <HOME>/.aws
[2026-06-29T09:03:52.989248775Z][docker-desktop-user-distro] no need to symlink <HOME>/.aws to /mnt/c/Users/<USER>/.aws: they are the same path already
-------------------------------------------------------------------------------->8
[2026-06-29T09:03:53.169760365Z][docker-desktop-user-distro] linkPathToWindows windowsPath = /mnt/c/Users/<USER>/.azure, linkPath = <HOME>/.azure
[2026-06-29T09:03:53.171795665Z][docker-desktop-user-distro] no need to symlink <HOME>/.azure to /mnt/c/Users/<USER>/.azure: they are the same path already
-------------------------------------------------------------------------------->8
[2026-06-29T09:03:53.341908739Z][docker-desktop-user-distro] linkPathToWindows windowsPath = /mnt/c/Users/<USER>/.docker/features.json, linkPath = ~/.docker/features.json
-------------------------------------------------------------------------------->8
[2026-06-30T06:59:41.126753792Z][docker-desktop-user-distro] syncContextStores <HOME>/.docker/contexts <-> /mnt/c/Users/<USER>/.docker/contexts
[2026-06-30T06:59:41.130163310Z][docker-desktop-user-distro] syncContextStores <HOME>/.docker/contexts <-> /mnt/c/Users/<USER>/.docker/contexts: syncNoop
-------------------------------------------------------------------------------->8
[2026-06-30T06:59:41.341011496Z][docker-desktop-user-distro] linkPathToWindows windowsPath = /mnt/c/Users/<USER>/.aws, linkPath = <HOME>/.aws
[2026-06-30T06:59:41.343055415Z][docker-desktop-user-distro] no need to symlink <HOME>/.aws to /mnt/c/Users/<USER>/.aws: they are the same path already
-------------------------------------------------------------------------------->8
[2026-06-30T06:59:41.553084486Z][docker-desktop-user-distro] linkPathToWindows windowsPath = /mnt/c/Users/<USER>/.azure, linkPath = <HOME>/.azure
[2026-06-30T06:59:41.555244297Z][docker-desktop-user-distro] no need to symlink <HOME>/.azure to /mnt/c/Users/<USER>/.azure: they are the same path already
-------------------------------------------------------------------------------->8
[2026-06-30T06:59:41.745969489Z][docker-desktop-user-distro] linkPathToWindows windowsPath = /mnt/c/Users/<USER>/.docker/features.json, linkPath = ~/.docker/features.json
-------------------------------------------------------------------------------->8
[2026-06-30T07:15:01.832315577Z][docker-desktop-user-distro] syncContextStores <HOME>/.docker/contexts <-> /mnt/c/Users/<USER>/.docker/contexts
[2026-06-30T07:15:01.835588935Z][docker-desktop-user-distro] syncContextStores <HOME>/.docker/contexts <-> /mnt/c/Users/<USER>/.docker/contexts: syncNoop
-------------------------------------------------------------------------------->8
[2026-06-30T07:15:02.137885431Z][docker-desktop-user-distro] linkPathToWindows windowsPath = /mnt/c/Users/<USER>/.aws, linkPath = <HOME>/.aws
[2026-06-30T07:15:02.140329664Z][docker-desktop-user-distro] no need to symlink <HOME>/.aws to /mnt/c/Users/<USER>/.aws: they are the same path already
-------------------------------------------------------------------------------->8
[2026-06-30T07:15:02.485278022Z][docker-desktop-user-distro] linkPathToWindows windowsPath = /mnt/c/Users/<USER>/.azure, linkPath = <HOME>/.azure
[2026-06-30T07:15:02.491591077Z][docker-desktop-user-distro] no need to symlink <HOME>/.azure to /mnt/c/Users/<USER>/.azure: they are the same path already
-------------------------------------------------------------------------------->8
[2026-06-30T07:15:02.899964885Z][docker-desktop-user-distro] linkPathToWindows windowsPath = /mnt/c/Users/<USER>/.docker/features.json, linkPath = ~/.docker/features.json
